******************************************************************************
                  TI ARM Linker PC v20.2.7                     
******************************************************************************
>> Linked Wed Jun  3 11:16:55 2026

OUTPUT FILE NAME:   <aws-rest-api-ssl-demo.out>
ENTRY POINT SYMBOL: "_c_int00_noargs"  address: 2000faa1


MEMORY CONFIGURATION

         name            origin    length      used     unused   attr    fill
----------------------  --------  ---------  --------  --------  ----  --------
  SRAM_CODE             20004000   00013000  0000cd60  000062a0  RW X
  SRAM_DATA             20017000   00019000  000094da  0000fb26  RW X


SEGMENT ALLOCATION MAP

run origin  load origin   length   init length attrs members
----------  ----------- ---------- ----------- ----- -------
20004000    20004000    0000cd68   0000cd68    r-x
  20004000    20004000    00000400   00000400    r-- .intvecs
  20004400    20004400    0000bd64   0000bd64    r-x .text
  20010168    20010168    00000b84   00000b84    r-- .const
  20010cf0    20010cf0    00000078   00000078    r-- .cinit
20017000    20017000    000084dc   00000000    rw-
  20017000    20017000    00008000   00000000    rw- .sysmem
  2001f000    2001f000    000003ce   00000000    rw- .bss
  2001f3d0    2001f3d0    0000010c   00000000    rw- .data
2002f000    2002f000    00001000   00000000    rw-
  2002f000    2002f000    00001000   00000000    rw- .stack


SECTION ALLOCATION MAP

 output                                  attributes/
section   page    origin      length       input sections
--------  ----  ----------  ----------   ----------------
.intvecs   0    20004000    00000400     
                  20004000    00000400     startup_ccs.obj (.intvecs)

.init_array 
*          0    20004000    00000000     UNINITIALIZED

.text      0    20004400    0000bd64     
                  20004400    00001d1c     main.obj (.text)
                  2000611c    00000ed8     network_utils.obj (.text)
                  20006ff4    00000a80     Adafruit_GFX.obj (.text)
                  20007a74    00000a4e     rtsv7M4_T_le_eabi.lib : _printfi.c.obj (.text:__TI_printfi)
                  200084c2    00000002     driverlib.a : interrupt.obj (.text:IntDefaultHandler)
                  200084c4    00000590     simplelink.a : driver.obj (.text:_SlDrvMsgRead)
                  20008a54    00000470     Adafruit_OLED.obj (.text)
                  20008ec4    00000454     rtsv7M4_T_le_eabi.lib : strtod.c.obj (.text:strtod)
                  20009318    00000398     gpio_if.obj (.text)
                  200096b0    000002b4     i2c_if.obj (.text)
                  20009964    00000280     simplelink.a : wlan.obj (.text:sl_WlanConnect)
                  20009be4    0000027c     uart_if.obj (.text)
                  20009e60    00000268     rtsv7M4_T_le_eabi.lib : _printfi.c.obj (.text:_pconv_a)
                  2000a0c8    00000248     simplelink.a : driver.obj (.text:_SlDrvRxHdrRead)
                  2000a310    000001e4                  : driver.obj (.text:_SlDrvDataReadOp)
                  2000a4f4    000001d0                  : driver.obj (.text:_SlDrvReleasePoolObj)
                  2000a6c4    000001cc     rtsv7M4_T_le_eabi.lib : _printfi.c.obj (.text:_pconv_g)
                  2000a890    000001b6                           : fd_add_t2.asm.obj (.text)
                  2000aa46    00000002                           : _lock.c.obj (.text:_nop)
                  2000aa48    000001b4     simplelink.a : driver.obj (.text:_SlDrvDriverCBInit)
                  2000abfc    0000019c                  : driver.obj (.text:_SlDrvMsgWrite)
                  2000ad98    00000190                  : driver.obj (.text:_SlDrvWaitForPoolObj)
                  2000af28    0000018c                  : socket.obj (.text:sl_Connect)
                  2000b0b4    00000178     driverlib.a : prcm.obj (.text:PRCMCC3200MCUInit)
                  2000b22c    00000170     simplelink.a : driver.obj (.text:_SlFindAndSetActiveObj)
                  2000b39c    00000150                  : driver.obj (.text:_SlDrvDataWriteOp)
                  2000b4ec    00000148     pinmux.obj (.text)
                  2000b634    00000148     simplelink.a : cc_pal.obj (.text:spi_Open)
                  2000b77c    00000144                  : driver.obj (.text:_SlDrvMsgReadCmdCtx)
                  2000b8c0    00000144                  : netapp.obj (.text:sl_NetAppDnsGetHostByName)
                  2000ba04    0000013c     rtsv7M4_T_le_eabi.lib : _printfi.c.obj (.text:_pconv_e)
                  2000bb40    00000136                           : fd_div_t2.asm.obj (.text)
                  2000bc76    00000002                           : div0.asm.obj (.text)
                  2000bc78    00000134     simplelink.a : socket.obj (.text:sl_Send)
                  2000bdac    00000130                  : driver.obj (.text:_SlDrvDriverCBDeinit)
                  2000bedc    00000120     rtsv7M4_T_le_eabi.lib : _printfi.c.obj (.text:fcvt)
                  2000bffc    00000104     simplelink.a : netapp.obj (.text:_SlDrvNetAppEventHandler)
                  2000c100    00000100     rtsv7M4_T_le_eabi.lib : memory.c.obj (.text:aligned_alloc)
                  2000c200    000000fc                           : fd_mul_t2.asm.obj (.text)
                  2000c2fc    000000f0     simplelink.a : device.obj (.text:sl_Stop)
                  2000c3ec    000000f0                  : cc_pal.obj (.text:spi_Read)
                  2000c4dc    000000f0     driverlib.a : udma.obj (.text:uDMAChannelTransferSet)
                  2000c5cc    000000ec     simplelink.a : device.obj (.text:sl_Start)
                  2000c6b8    000000e8                  : driver.obj (.text:_SlAsyncEventGenericHandler)
                  2000c7a0    000000e8                  : driver.obj (.text:_SlDrvMsgReadSpawnCtx)
                  2000c888    000000e4     rtsv7M4_T_le_eabi.lib : memory.c.obj (.text:free)
                  2000c96c    000000e4                           : memory.c.obj (.text:realloc)
                  2000ca50    000000e4     simplelink.a : netapp.obj (.text:sl_NetAppMDNSRegisterUnregisterService)
                  2000cb34    000000dc                  : driver.obj (.text:_SlDrvClassifyRxMsg)
                  2000cc10    000000d0     rtsv7M4_T_le_eabi.lib : s_scalbn.c.obj (.text:scalbn)
                  2000cce0    000000cc     simplelink.a : netapp.obj (.text:_sl_HandleAsync_DnsGetHostByService)
                  2000cdac    000000cc                  : device.obj (.text:sl_DevGet)
                  2000ce78    000000c4                  : driver.obj (.text:_SlRemoveFromList)
                  2000cf3c    000000c0                  : driver.obj (.text:_SlDrvCmdOp)
                  2000cffc    000000b1     rtsv7M4_T_le_eabi.lib : _printfi.c.obj (.text:_ltostr)
                  2000d0ad    00000003     --HOLE-- [fill = 0]
                  2000d0b0    000000b0     simplelink.a : nonos.obj (.text:_SlNonOsSemGet)
                  2000d160    000000a8     driverlib.a : interrupt.obj (.text:IntDisable)
                  2000d208    000000a8                 : interrupt.obj (.text:IntEnable)
                  2000d2b0    000000a4     simplelink.a : driver.obj (.text:_SlDriverHandleError)
                  2000d354    000000a0     driverlib.a : spi.obj (.text:SPIConfigSetExpClk)
                  2000d3f4    000000a0     simplelink.a : socket.obj (.text:sl_Recv)
                  2000d494    0000009c     rtsv7M4_T_le_eabi.lib : memcpy_t2.asm.obj (.text)
                  2000d530    0000009a     simplelink.a : device.obj (.text:_SlDrvDeviceEventHandler)
                  2000d5ca    00000002     --HOLE-- [fill = 0]
                  2000d5cc    00000098                  : device.obj (.text:sl_DevSet)
                  2000d664    00000098                  : netcfg.obj (.text:sl_NetCfgSet)
                  2000d6fc    00000098                  : socket.obj (.text:sl_SetSockOpt)
                  2000d794    00000098                  : wlan.obj (.text:sl_WlanSet)
                  2000d82c    00000098                  : cc_pal.obj (.text:spi_Write)
                  2000d8c4    00000096     rtsv7M4_T_le_eabi.lib : ull_div_t2.asm.obj (.text)
                  2000d95a    00000002     --HOLE-- [fill = 0]
                  2000d95c    00000094     driverlib.a : prcm.obj (.text:PRCMPeripheralClockGet)
                  2000d9f0    00000090     simplelink.a : netapp.obj (.text:_sl_HandleAsync_DnsGetHostByName)
                  2000da80    00000090                  : netapp.obj (.text:_sl_HandleAsync_PingResponse)
                  2000db10    00000090                  : wlan.obj (.text:sl_WlanPolicySet)
                  2000dba0    0000008c                  : cc_pal.obj (.text:SetupDMAReceive)
                  2000dc2c    0000008c                  : cc_pal.obj (.text:SetupDMASend)
                  2000dcb8    0000008c                  : driver.obj (.text:_SlDrvIsTimeoutExpired)
                  2000dd44    0000008c                  : device.obj (.text:_sl_HandleAsync_InitComplete)
                  2000ddd0    0000008c                  : socket.obj (.text:sl_Socket)
                  2000de5c    00000088     driverlib.a : pin.obj (.text:PinConfigSet)
                  2000dee4    00000086     rtsv7M4_T_le_eabi.lib : fd_cmp_t2.asm.obj (.text:__aeabi_cdcmple)
                  2000df6a    00000086                           : fd_cmp_t2.asm.obj (.text:__aeabi_cdrcmple)
                  2000dff0    00000084     driverlib.a : i2c.obj (.text:I2CMasterInitExpClk)
                  2000e074    00000084     simplelink.a : wlan.obj (.text:sl_WlanRxFilterSet)
                  2000e0f8    00000082     driverlib.a : gpio.obj (.text:GPIOIntTypeSet)
                  2000e17a    00000002     --HOLE-- [fill = 0]
                  2000e17c    00000080     simplelink.a : socket.obj (.text:_sl_HandleAsync_Connect)
                  2000e1fc    00000080                  : cc_pal.obj (.text:spi_Read_CPU)
                  2000e27c    00000080                  : cc_pal.obj (.text:spi_Write_CPU)
                  2000e2fc    0000007a     rtsv7M4_T_le_eabi.lib : memset_t2.asm.obj (.text)
                  2000e376    00000002     --HOLE-- [fill = 0]
                  2000e378    00000078     simplelink.a : cc_pal.obj (.text:spi_Close)
                  2000e3f0    00000076     driverlib.a : uart.obj (.text:UARTConfigSetExpClk)
                  2000e466    00000002     --HOLE-- [fill = 0]
                  2000e468    00000074     simplelink.a : nonos.obj (.text:_SlNonOsMainLoopTask)
                  2000e4dc    00000070     rtsv7M4_T_le_eabi.lib : memory.c.obj (.text:split)
                  2000e54c    0000006e                           : _printfi.c.obj (.text:_mcpy)
                  2000e5ba    00000002     --HOLE-- [fill = 0]
                  2000e5bc    0000006c     simplelink.a : driver.obj (.text:_SlDrvCmdSend)
                  2000e628    0000006c                  : netapp.obj (.text:_sl_NetAppSendTokenValue)
                  2000e694    00000068     rtsv7M4_T_le_eabi.lib : copy_decompress_lzss.c.obj (.text:decompress:lzss:__TI_decompress_lzss)
                  2000e6fc    00000064     simplelink.a : nonos.obj (.text:_SlNonOsSpawn)
                  2000e760    00000064                  : socket.obj (.text:_sl_HandleAsync_Accept)
                  2000e7c4    00000064                  : netapp.obj (.text:sl_NetAppMDNSUnRegisterService)
                  2000e828    00000064     driverlib.a : udma.obj (.text:uDMAChannelAttributeDisable)
                  2000e88c    00000064                 : udma.obj (.text:uDMAChannelAttributeEnable)
                  2000e8f0    00000060     simplelink.a : socket.obj (.text:sl_Close)
                  2000e950    00000060                  : wlan.obj (.text:sl_WlanProfileDel)
                  2000e9b0    00000060                  : wlan.obj (.text:sl_WlanSetMode)
                  2000ea10    0000005c     rtsv7M4_T_le_eabi.lib : s_frexp.c.obj (.text:frexp)
                  2000ea6c    00000058     driverlib.a : interrupt.obj (.text:IntPendClear)
                  2000eac4    00000058                 : prcm.obj (.text:PRCMPeripheralReset)
                  2000eb1c    00000056     rtsv7M4_T_le_eabi.lib : _printfi.c.obj (.text:_pconv_f)
                  2000eb72    00000002     --HOLE-- [fill = 0]
                  2000eb74    00000054     driverlib.a : interrupt.obj (.text:IntPrioritySet)
                  2000ebc8    00000054     simplelink.a : driver.obj (.text:_SlDrvRxIrqHandler)
                  2000ec1c    00000054     rtsv7M4_T_le_eabi.lib : _ltoa.c.obj (.text:__TI_ltoa)
                  2000ec70    00000054     simplelink.a : socket.obj (.text:_sl_HandleAsync_Select)
                  2000ecc4    00000052     rtsv7M4_T_le_eabi.lib : _printfi.c.obj (.text:_ecpy)
                  2000ed16    00000002     --HOLE-- [fill = 0]
                  2000ed18    00000050     simplelink.a : device.obj (.text:_sl_HandleAsync_Stop)
                  2000ed68    0000004c     driverlib.a : spi.obj (.text:SPIIntEnable)
                  2000edb4    0000004c                 : spi.obj (.text:SPIIntNumberGet)
                  2000ee00    0000004c     simplelink.a : driver.obj (.text:_SlDrvProtectAsyncRespSetting)
                  2000ee4c    0000004c                  : socket.obj (.text:_sl_BuildAddress)
                  2000ee98    0000004c     rtsv7M4_T_le_eabi.lib : atoi.c.obj (.text:atoi)
                  2000eee4    0000004c     driverlib.a : udma.obj (.text:uDMAChannelAssign)
                  2000ef30    00000048                 : gpio.obj (.text:GPIOGetIntNumber)
                  2000ef78    00000048                 : spi.obj (.text:SPIIntClear)
                  2000efc0    00000048     simplelink.a : driver.obj (.text:_SlDrvBasicCmd)
                  2000f008    00000048     rtsv7M4_T_le_eabi.lib : fd_toi_t2.asm.obj (.text)
                  2000f050    00000044     driverlib.a : spi.obj (.text:SPIDmaMaskGet)
                  2000f094    00000044                 : timer.obj (.text:TimerConfigure)
                  2000f0d8    00000044     simplelink.a : driver.obj (.text:_SlDrvHandleHttpServerEvents)
                  2000f11c    00000044                  : driver.obj (.text:_SlDrvSyncObjWaitTimeout)
                  2000f160    00000044     rtsv7M4_T_le_eabi.lib : autoinit.c.obj (.text:__TI_auto_init_nobinit_nopinit:__TI_auto_init_nobinit_nopinit)
                  2000f1a4    00000044     simplelink.a : cc_pal.obj (.text:cc_SetupTransfer)
                  2000f1e8    00000044     rtsv7M4_T_le_eabi.lib : fd_tou_t2.asm.obj (.text)
                  2000f22c    00000042     simplelink.a : socket.obj (.text:sl_Htonl)
                  2000f26e    00000002     --HOLE-- [fill = 0]
                  2000f270    00000040     driverlib.a : pin.obj (.text:PinModeSet)
                  2000f2b0    00000040     simplelink.a : driver.obj (.text:_SlDrvHandleNetAppEvents)
                  2000f2f0    00000040                  : driver.obj (.text:_SlDrvHandleWlanEvents)
                  2000f330    00000040                  : socket.obj (.text:_sl_TruncatePayloadByProtocol)
                  2000f370    00000040     rtsv7M4_T_le_eabi.lib : sprintf.c.obj (.text:sprintf)
                  2000f3b0    00000040                           : vsnprintf.c.obj (.text:vsnprintf)
                  2000f3f0    0000003e     simplelink.a : cc_pal.obj (.text:NwpRegisterInterruptHandler)
                  2000f42e    0000003e     rtsv7M4_T_le_eabi.lib : _printfi.c.obj (.text:_fcpy)
                  2000f46c    0000003c     simplelink.a : netapp.obj (.text:CopyPingResultsToReport)
                  2000f4a8    0000003c     driverlib.a : prcm.obj (.text:PRCMPeripheralClkEnable)
                  2000f4e4    0000003c     simplelink.a : cc_pal.obj (.text:simplelink_timerA2_start)
                  2000f520    0000003c                  : socket.obj (.text:sl_Htons)
                  2000f55c    0000003c     driverlib.a : udma.obj (.text:uDMAChannelControlSet)
                  2000f598    00000038     simplelink.a : cc_pal.obj (.text:NwpPowerOff)
                  2000f5d0    00000038                  : wlan.obj (.text:sl_WlanDisconnect)
                  2000f608    00000036     driverlib.a : gpio.obj (.text:GPIODirModeSet)
                  2000f63e    00000036     rtsv7M4_T_le_eabi.lib : strncpy.c.obj (.text:strncpy)
                  2000f674    00000034     driverlib.a : prcm.obj (.text:PRCMPeripheralStatusGet)
                  2000f6a8    00000034                 : spi.obj (.text:SPIFIFOLevelSet)
                  2000f6dc    00000030                 : pin.obj (.text:PinTypeGPIO)
                  2000f70c    00000030                 : uart.obj (.text:UARTDisable)
                  2000f73c    00000030     rtsv7M4_T_le_eabi.lib : vsnprintf.c.obj (.text:_outs)
                  2000f76c    0000002e                           : i_tofd_t2.asm.obj (.text)
                  2000f79a    0000002c     driverlib.a : i2c.obj (.text:I2CMasterErr)
                  2000f7c6    00000002     --HOLE-- [fill = 0]
                  2000f7c8    0000002c     simplelink.a : cc_pal.obj (.text:NwpPowerOn)
                  2000f7f4    0000002c     driverlib.a : prcm.obj (.text:PRCMSysResetCauseGet)
                  2000f820    0000002c     simplelink.a : driver.obj (.text:_SlDrvObjGlobalLockWaitForever)
                  2000f84c    0000002c                  : driver.obj (.text:_SlDrvProtectionObjLockWaitForever)
                  2000f878    0000002c     rtsv7M4_T_le_eabi.lib : strncmp.c.obj (.text:strncmp)
                  2000f8a4    0000002a     driverlib.a : timer.obj (.text:TimerLoadSet)
                  2000f8ce    0000002a                 : timer.obj (.text:TimerPrescaleSet)
                  2000f8f8    00000028                 : prcm.obj (.text:PRCMPeripheralClkDisable)
                  2000f920    00000028     simplelink.a : driver.obj (.text:_SlDrvGlobalObjUnLock)
                  2000f948    00000028                  : driver.obj (.text:_SlDrvProtectionObjUnLock)
                  2000f970    00000028                  : driver.obj (.text:_SlDrvSyncObjWaitForever)
                  2000f998    00000028     rtsv7M4_T_le_eabi.lib : memory.c.obj (.text:free_list_insert)
                  2000f9c0    00000028                           : memmov.c.obj (.text:memmove)
                  2000f9e8    00000026     simplelink.a : driver.obj (.text:_SlDrvObjLockWaitForever)
                  2000fa0e    00000026     network_common.obj (.text)
                  2000fa34    00000024     simplelink.a : cc_pal.obj (.text:DmaSpiSwIntHandler)
                  2000fa58    00000024     driverlib.a : interrupt.obj (.text:IntUnregister)
                  2000fa7c    00000024                 : uart.obj (.text:UARTEnable)
                  2000faa0    00000024     rtsv7M4_T_le_eabi.lib : boot_cortex_m.c.obj (.text:_c_int00_noargs:_c_int00_noargs)
                  2000fac4    00000022     driverlib.a : i2c.obj (.text:I2CMasterSlaveAddrSet)
                  2000fae6    00000022                 : spi.obj (.text:SPIReset)
                  2000fb08    00000022                 : spi.obj (.text:SPIWordCountSet)
                  2000fb2a    00000020                 : gpio.obj (.text:GPIOPinWrite)
                  2000fb4a    00000002     --HOLE-- [fill = 0]
                  2000fb4c    00000020                 : interrupt.obj (.text:IntRegister)
                  2000fb6c    00000020     simplelink.a : cc_pal.obj (.text:NwpPrePowerOffTimout0)
                  2000fb8c    00000020     driverlib.a : spi.obj (.text:SPIDataGet)
                  2000fbac    00000020     simplelink.a : cc_pal.obj (.text:TimerGetCurrentTimestamp)
                  2000fbcc    00000020                  : driver.obj (.text:_SlDrvObjUnLock)
                  2000fbec    00000020                  : driver.obj (.text:_SlDrvSyncObjSignal)
                  2000fc0c    0000001e     driverlib.a : gpio.obj (.text:GPIOIntRegister)
                  2000fc2a    0000001e                 : i2c.obj (.text:I2CMasterIntStatusEx)
                  2000fc48    0000001e                 : spi.obj (.text:SPIDataPut)
                  2000fc66    0000001e                 : timer.obj (.text:TimerEnable)
                  2000fc84    0000001e                 : uart.obj (.text:UARTCharPut)
                  2000fca2    0000001e     simplelink.a : cc_pal.obj (.text:cc_UDMAChannelSelect)
                  2000fcc0    0000001c     driverlib.a : pin.obj (.text:PinTypeI2C)
                  2000fcdc    0000001c                 : timer.obj (.text:TimerValueGet)
                  2000fcf8    0000001c                 : uart.obj (.text:UARTCharGetNonBlocking)
                  2000fd14    0000001c     simplelink.a : driver.obj (.text:_SlDrvStartMeasureTimeout)
                  2000fd30    0000001c     rtsv7M4_T_le_eabi.lib : copy_zero_init.c.obj (.text:decompress:ZI:__TI_zero_init_nomemset:__TI_zero_init_nomemset)
                  2000fd4c    0000001c                           : memory.c.obj (.text:free_list_remove)
                  2000fd68    0000001c                           : memccpy.c.obj (.text:memccpy)
                  2000fd84    0000001c     driverlib.a : udma.obj (.text:uDMAChannelEnable)
                  2000fda0    0000001a                 : gpio.obj (.text:GPIOIntEnable)
                  2000fdba    0000001a                 : pin.obj (.text:PinTypeSPI)
                  2000fdd4    0000001a                 : pin.obj (.text:PinTypeUART)
                  2000fdee    0000001a                 : spi.obj (.text:SPIDmaDisable)
                  2000fe08    0000001a                 : spi.obj (.text:SPIDmaEnable)
                  2000fe22    0000001a                 : spi.obj (.text:SPIFIFODisable)
                  2000fe3c    0000001a                 : spi.obj (.text:SPIFIFOEnable)
                  2000fe56    0000001a                 : spi.obj (.text:SPIIntUnregister)
                  2000fe70    00000018                 : gpio.obj (.text:GPIOPinRead)
                  2000fe88    00000018                 : i2c.obj (.text:I2CMasterIntEnableEx)
                  2000fea0    00000018                 : spi.obj (.text:SPICSDisable)
                  2000feb8    00000018                 : spi.obj (.text:SPICSEnable)
                  2000fed0    00000018                 : spi.obj (.text:SPIDisable)
                  2000fee8    00000018                 : spi.obj (.text:SPIEnable)
                  2000ff00    00000018                 : uart.obj (.text:UARTCharsAvail)
                  2000ff18    00000018     simplelink.a : nonos.obj (.text:_SlNonOsSemSet)
                  2000ff30    00000018     rtsv7M4_T_le_eabi.lib : vsnprintf.c.obj (.text:_outc)
                  2000ff48    00000018                           : sprintf.c.obj (.text:_outs)
                  2000ff60    00000018     simplelink.a : device.obj (.text:_sl_GetStartResponseConvert)
                  2000ff78    00000016     driverlib.a : i2c.obj (.text:I2CMasterDataPut)
                  2000ff8e    00000016                 : i2c.obj (.text:I2CMasterEnable)
                  2000ffa4    00000016                 : prcm.obj (.text:PRCMHIBRegRead)
                  2000ffba    00000016                 : prcm.obj (.text:PRCMHIBRegWrite)
                  2000ffd0    00000016                 : uart.obj (.text:UARTFIFOEnable)
                  2000ffe6    00000016     simplelink.a : driver.obj (.text:_SlDrvMemZero)
                  2000fffc    00000016     rtsv7M4_T_le_eabi.lib : strchr.c.obj (.text:strchr)
                  20010012    00000014     driverlib.a : cpu.obj (.text:CPUcpsie)
                  20010026    00000014                 : gpio.obj (.text:GPIOIntClear)
                  2001003a    00000002     --HOLE-- [fill = 0]
                  2001003c    00000014                 : interrupt.obj (.text:IntVTableBaseSet)
                  20010050    00000014     rtsv7M4_T_le_eabi.lib : strcpy.c.obj (.text:strcpy)
                  20010064    00000014                           : strlen.c.obj (.text:strlen)
                  20010078    00000012     driverlib.a : i2c.obj (.text:I2CMasterControl)
                  2001008a    00000012                 : i2c.obj (.text:I2CMasterIntClearEx)
                  2001009c    00000012                 : i2c.obj (.text:I2CMasterTimeoutSet)
                  200100ae    00000012     rtsv7M4_T_le_eabi.lib : wcslen.c.obj (.text:wcslen)
                  200100c0    00000010     simplelink.a : driver.obj (.text:_SlDrvDispatchHttpServerEvents)
                  200100d0    0000000e     driverlib.a : i2c.obj (.text:I2CMasterDataGet)
                  200100de    0000000e     simplelink.a : driver.obj (.text:_SlDrvResetCmdExt)
                  200100ec    0000000e     rtsv7M4_T_le_eabi.lib : copy_decompress_none.c.obj (.text:decompress:none:__TI_decompress_none)
                  200100fa    0000000e     startup_ccs.obj (.text)
                  20010108    0000000c     simplelink.a : cc_pal.obj (.text:NwpMaskInterrupt)
                  20010114    0000000c                  : cc_pal.obj (.text:NwpUnMaskInterrupt)
                  20010120    0000000c     rtsv7M4_T_le_eabi.lib : s_copysign.c.obj (.text:copysign)
                  2001012c    0000000a     driverlib.a : interrupt.obj (.text:IntMasterEnable)
                  20010136    0000000a     rtsv7M4_T_le_eabi.lib : sprintf.c.obj (.text:_outc)
                  20010140    00000008                           : errno.c.obj (.text:__aeabi_errno_addr)
                  20010148    00000008                           : memory.c.obj (.text:malloc)
                  20010150    00000006     driverlib.a : utils.obj (.text:UtilsDelay)
                  20010156    00000006     rtsv7M4_T_le_eabi.lib : atof.c.obj (.text:atof)
                  2001015c    00000004                           : pre_init.c.obj (.text:_system_pre_init)
                  20010160    00000004                           : exit.c.obj (.text:abort:abort)

.const     0    20010168    00000b84     
                  20010168    000004fb     Adafruit_GFX.obj (.const:.string:font)
                  20010663    00000101     rtsv7M4_T_le_eabi.lib : ctype.c.obj (.const:.string:_ctypes_)
                  20010764    00000100     driverlib.a : pin.obj (.const:g_ulPinToPadMap)
                  20010864    000000d4                 : interrupt.obj (.const:g_pulRegs)
                  20010938    000000c8     rtsv7M4_T_le_eabi.lib : strtod.c.obj (.const:$O1$$)
                  20010a00    000000a8     driverlib.a : prcm.obj (.const:PRCM_PeriphRegsList)
                  20010aa8    0000003c     simplelink.a : driver.obj (.const:OpcodeTranslateTable)
                  20010ae4    00000038                  : driver.obj (.const:_SlActionLookupTable)
                  20010b1c    0000002c     network_utils.obj (.const:$P$T1$2)
                  20010b48    00000024     driverlib.a : spi.obj (.const:g_ppulSPIIntMap)
                  20010b6c    00000022     network_utils.obj (.const:.string:$P$T0$1)
                  20010b8e    00000002     --HOLE-- [fill = 0]
                  20010b90    00000020     simplelink.a : driver.obj (.const:RxMsgClassLUT)
                  20010bb0    00000018     driverlib.a : interrupt.obj (.const:g_pulDisRegs)
                  20010bc8    00000018                 : interrupt.obj (.const:g_pulEnRegs)
                  20010be0    00000018                 : interrupt.obj (.const:g_pulUnpendRegs)
                  20010bf8    00000018                 : spi.obj (.const:g_ulSPIDmaMaskMap)
                  20010c10    00000014     simplelink.a : driver.obj (.const:$P$T0$1)
                  20010c24    00000014                  : nonos.obj (.const:$P$T0$1)
                  20010c38    00000014     network_utils.obj (.const:$P$T2$3)
                  20010c4c    00000010     simplelink.a : socket.obj (.const:.string:_SlPayloadByProtocolLUT)
                  20010c5c    0000000c     network_utils.obj (.const:$P$T4$5)
                  20010c68    0000000c     network_utils.obj (.const:.string:$P$T3$4)
                  20010c74    00000009     main.obj (.const:.string:$P$T0$1)
                  20010c7d    00000008     simplelink.a : device.obj (.const:StartResponseLUT)
                  20010c85    00000003     --HOLE-- [fill = 0]
                  20010c88    00000008                  : driver.obj (.const:g_H2NCnysPattern)
                  20010c90    00000008                  : driver.obj (.const:g_H2NSyncPattern)
                  20010c98    00000004                  : wlan.obj (.const:$P$T0$1)
                  20010c9c    00000004                  : socket.obj (.const:$P$T2$3)
                  20010ca0    00000004                  : device.obj (.const:_SlDeviceGetCmdCtrl)
                  20010ca4    00000004                  : device.obj (.const:_SlDeviceSetCmdCtrl)
                  20010ca8    00000004                  : netapp.obj (.const:_SlGetHostByNameCtrl)
                  20010cac    00000004                  : netapp.obj (.const:_SlNetAppSendTokenValueCmdCtrl)
                  20010cb0    00000004                  : netcfg.obj (.const:_SlNetCfgSetCmdCtrl)
                  20010cb4    00000004                  : wlan.obj (.const:_SlPolicySetCmdCtrl)
                  20010cb8    00000004                  : wlan.obj (.const:_SlProfileDelCmdCtrl)
                  20010cbc    00000004                  : socket.obj (.const:_SlRecvCmdCtrl)
                  20010cc0    00000004                  : netapp.obj (.const:_SlRegisterServiceCtrl)
                  20010cc4    00000004                  : wlan.obj (.const:_SlRxFilterSetCmdCtrl)
                  20010cc8    00000004                  : socket.obj (.const:_SlSendCmdCtrl)
                  20010ccc    00000004                  : socket.obj (.const:_SlSetSockOptCmdCtrl)
                  20010cd0    00000004                  : socket.obj (.const:_SlSockCloseCmdCtrl)
                  20010cd4    00000004                  : socket.obj (.const:_SlSockSocketCmdCtrl)
                  20010cd8    00000004                  : device.obj (.const:_SlStopCmdCtrl)
                  20010cdc    00000004                  : wlan.obj (.const:_SlWlanCfgSetCmdCtrl)
                  20010ce0    00000004                  : wlan.obj (.const:_SlWlanSetModeCmdCtrl)
                  20010ce4    00000004                  : driver.obj (.const:httpServer_callbacks)
                  20010ce8    00000004                  : driver.obj (.const:netApp_callbacks)

.cinit     0    20010cf0    00000078     
                  20010cf0    0000004d     (.cinit..data.load) [load image, compression = lzss]
                  20010d3d    00000003     --HOLE-- [fill = 0]
                  20010d40    0000000c     (__TI_handler_table)
                  20010d4c    00000004     --HOLE-- [fill = 0]
                  20010d50    00000008     (.cinit..bss.load) [load image, compression = zero_init]
                  20010d58    00000010     (__TI_cinit_table)

.sysmem    0    20017000    00008000     UNINITIALIZED
                  20017000    00000010     rtsv7M4_T_le_eabi.lib : memory.c.obj (.sysmem)
                  20017010    00007ff0     --HOLE--

.bss       0    2001f000    000003ce     UNINITIALIZED
                  2001f000    00000168     simplelink.a : driver.obj (.bss:g_StatMem)
                  2001f168    00000100     main.obj (.bss:g_history)
                  2001f268    00000080     main.obj (.bss:g_gps_line)
                  2001f2e8    00000050     (.common:g_ucDinDout)
                  2001f338    0000002c     (.common:g_time)
                  2001f364    00000024     (.common:g_ucConnectionSSID)
                  2001f388    00000020     main.obj (.bss:g_last_event)
                  2001f3a8    0000000c     (.common:g_ucConnectionBSSID)
                  2001f3b4    00000008     (.common:g_app_config)
                  2001f3bc    00000004     uart_if.obj (.bss)
                  2001f3c0    00000004     (.common:g_Host)
                  2001f3c4    00000004     (.common:g_port)
                  2001f3c8    00000001     (.common:RxIrqCnt)
                  2001f3c9    00000001     (.common:g_bDeviceRestartIsRequired)
                  2001f3ca    00000001     (.common:g_cDummy)
                  2001f3cb    00000001     (.common:g_ucLED1Pin)
                  2001f3cc    00000001     (.common:g_ucLED2Pin)
                  2001f3cd    00000001     (.common:g_ucLED3Pin)

.data      0    2001f3d0    0000010c     UNINITIALIZED
                  2001f3d0    0000003c     simplelink.a : nonos.obj (.data:g__SlNonOsCB)
                  2001f40c    0000002c     main.obj (.data)
                  2001f438    00000015     Adafruit_GFX.obj (.data)
                  2001f44d    00000014     main.obj (.data:g_gps_lat)
                  2001f461    00000014     main.obj (.data:g_gps_lon)
                  2001f475    00000003     --HOLE--
                  2001f478    00000014     gpio_if.obj (.data:ulReg)
                  2001f48c    00000010     network_utils.obj (.data)
                  2001f49c    0000000d     simplelink.a : driver.obj (.data)
                  2001f4a9    00000003     --HOLE--
                  2001f4ac    0000000c     gpio_if.obj (.data)
                  2001f4b8    00000009     simplelink.a : cc_pal.obj (.data)
                  2001f4c1    00000003     --HOLE--
                  2001f4c4    00000008     rtsv7M4_T_le_eabi.lib : _lock.c.obj (.data:$O1$$)
                  2001f4cc    00000008                           : memory.c.obj (.data:$O1$$)
                  2001f4d4    00000004                           : errno.c.obj (.data)
                  2001f4d8    00000004     simplelink.a : driver.obj (.data:wlan_callbacks)

.stack     0    2002f000    00001000     UNINITIALIZED
                  2002f000    00000004     rtsv7M4_T_le_eabi.lib : boot_cortex_m.c.obj (.stack)
                  2002f004    00000ffc     --HOLE--

__llvm_prf_cnts 
*          0    20017000    00000000     UNINITIALIZED

MODULE SUMMARY

       Module                       code    ro data   rw data
       ------                       ----    -------   -------
    .\
       main.obj                     7452    9         500    
       Adafruit_GFX.obj             2688    1275      21     
       Adafruit_OLED.obj            1136    0         0      
       startup_ccs.obj              14      1024      0      
       gpio_if.obj                  920     0         35     
       i2c_if.obj                   692     0         0      
       uart_if.obj                  636     0         4      
       pinmux.obj                   328     0         0      
       network_common.obj           38      0         0      
    +--+----------------------------+-------+---------+---------+
       Total:                       13904   2308      560    
                                                             
    .\utils\
       network_utils.obj            3800    122       124    
    +--+----------------------------+-------+---------+---------+
       Total:                       3800    122       124    
                                                             
    C:/ti/CC3200SDK_1.4.0/cc3200-sdk/driverlib/ccs/Release/driverlib.a
       prcm.obj                     852     168       0      
       spi.obj                      860     60        0      
       interrupt.obj                608     284       0      
       udma.obj                     604     0         0      
       pin.obj                      328     256       0      
       gpio.obj                     388     0         0      
       i2c.obj                      376     0         0      
       uart.obj                     306     0         0      
       timer.obj                    210     0         0      
       cpu.obj                      20      0         0      
       utils.obj                    6       0         0      
    +--+----------------------------+-------+---------+---------+
       Total:                       4558    768       0      
                                                             
    C:/ti/CC3200SDK_1.4.0/cc3200-sdk/simplelink/ccs/NON_OS/simplelink.a
       driver.obj                   7906    192       379    
       cc_pal.obj                   1820    0         90     
       socket.obj                   1830    40        0      
       netapp.obj                   1572    12        0      
       wlan.obj                     1316    24        0      
       device.obj                   1230    20        0      
       nonos.obj                    416     20        60     
       netcfg.obj                   152     4         0      
    +--+----------------------------+-------+---------+---------+
       Total:                       16242   312       529    
                                                             
    C:\ti\ccs930\ccs\tools\compiler\ti-cgt-arm_20.2.7.LTS\lib\rtsv7M4_T_le_eabi.lib
       _printfi.c.obj               4835    0         0      
       strtod.c.obj                 1108    200       0      
       memory.c.obj                 900     0         8      
       fd_add_t2.asm.obj            438     0         0      
       fd_div_t2.asm.obj            310     0         0      
       fd_cmp_t2.asm.obj            268     0         0      
       ctype.c.obj                  0       257       0      
       fd_mul_t2.asm.obj            252     0         0      
       s_scalbn.c.obj               208     0         0      
       memcpy_t2.asm.obj            156     0         0      
       ull_div_t2.asm.obj           150     0         0      
       vsnprintf.c.obj              136     0         0      
       memset_t2.asm.obj            122     0         0      
       copy_decompress_lzss.c.obj   104     0         0      
       sprintf.c.obj                98      0         0      
       s_frexp.c.obj                92      0         0      
       _ltoa.c.obj                  84      0         0      
       atoi.c.obj                   76      0         0      
       fd_toi_t2.asm.obj            72      0         0      
       autoinit.c.obj               68      0         0      
       fd_tou_t2.asm.obj            68      0         0      
       strncpy.c.obj                54      0         0      
       i_tofd_t2.asm.obj            46      0         0      
       strncmp.c.obj                44      0         0      
       memmov.c.obj                 40      0         0      
       boot_cortex_m.c.obj          36      0         0      
       copy_zero_init.c.obj         28      0         0      
       memccpy.c.obj                28      0         0      
       strchr.c.obj                 22      0         0      
       strcpy.c.obj                 20      0         0      
       strlen.c.obj                 20      0         0      
       wcslen.c.obj                 18      0         0      
       copy_decompress_none.c.obj   14      0         0      
       errno.c.obj                  8       0         4      
       s_copysign.c.obj             12      0         0      
       _lock.c.obj                  2       0         8      
       atof.c.obj                   6       0         0      
       exit.c.obj                   4       0         0      
       pre_init.c.obj               4       0         0      
       div0.asm.obj                 2       0         0      
    +--+----------------------------+-------+---------+---------+
       Total:                       9953    457       20     
                                                             
       Heap:                        0       0         32768  
       Stack:                       0       0         4096   
       Linker Generated:            0       113       0      
    +--+----------------------------+-------+---------+---------+
       Grand Total:                 48457   4080      38097  


LINKER GENERATED COPY TABLES

__TI_cinit_table @ 20010d58 records: 2, size/record: 8, table size: 16
	.data: load addr=20010cf0, load size=0000004d bytes, run addr=2001f3d0, run size=0000010c bytes, compression=lzss
	.bss: load addr=20010d50, load size=00000008 bytes, run addr=2001f000, run size=000003ce bytes, compression=zero_init


LINKER GENERATED HANDLER TABLE

__TI_handler_table @ 20010d40 records: 3, size/record: 4, table size: 12
	index: 0, handler: __TI_decompress_lzss
	index: 1, handler: __TI_decompress_none
	index: 2, handler: __TI_zero_init


GLOBAL SYMBOLS: SORTED ALPHABETICALLY BY Name 

address   name                                  
-------   ----                                  
20008c47  Adafruit_Init                         
20010161  C$$EXIT                               
20010013  CPUcpsie                              
20009c25  ClearTerm                             
20008db3  Color565                              
2000fa35  DmaSpiSwIntHandler                    
20009c2f  Error                                 
2000f609  GPIODirModeSet                        
20010027  GPIOIntClear                          
2000fda1  GPIOIntEnable                         
2000fc0d  GPIOIntRegister                       
2000e0f9  GPIOIntTypeSet                        
2000fe71  GPIOPinRead                           
2000fb2b  GPIOPinWrite                          
200095d9  GPIO_IF_ConfigureNIntEnable           
20009665  GPIO_IF_Get                           
20009593  GPIO_IF_GetPortNPin                   
20009355  GPIO_IF_LedConfigure                  
20009447  GPIO_IF_LedOff                        
20009393  GPIO_IF_LedOn                         
200094fb  GPIO_IF_LedStatus                     
20009565  GPIO_IF_LedToggle                     
20009621  GPIO_IF_Set                           
20009c67  GetCmd                                
20010079  I2CMasterControl                      
200100d1  I2CMasterDataGet                      
2000ff79  I2CMasterDataPut                      
2000ff8f  I2CMasterEnable                       
2000f79b  I2CMasterErr                          
2000dff1  I2CMasterInitExpClk                   
2001008b  I2CMasterIntClearEx                   
2000fe89  I2CMasterIntEnableEx                  
2000fc2b  I2CMasterIntStatusEx                  
2000fac5  I2CMasterSlaveAddrSet                 
2001009d  I2CMasterTimeoutSet                   
2000994f  I2C_IF_Close                          
200098e9  I2C_IF_Open                           
200097e7  I2C_IF_Read                           
200098a3  I2C_IF_ReadFrom                       
20009737  I2C_IF_Write                          
20009be5  InitTerm                              
2000d161  IntDisable                            
2000d209  IntEnable                             
2001012d  IntMasterEnable                       
2000ea6d  IntPendClear                          
2000eb75  IntPrioritySet                        
2000fb4d  IntRegister                           
2000fa59  IntUnregister                         
2001003d  IntVTableBaseSet                      
20009c03  Message                               
20010109  NwpMaskInterrupt                      
2000f599  NwpPowerOff                           
2000f7c9  NwpPowerOn                            
2000fb6d  NwpPrePowerOffTimout0                 
2000f3f1  NwpRegisterInterruptHandler           
20010115  NwpUnMaskInterrupt                    
20010aa8  OpcodeTranslateTable                  
2000799f  Outstr                                
2000b0b5  PRCMCC3200MCUInit                     
2000ffa5  PRCMHIBRegRead                        
2000ffbb  PRCMHIBRegWrite                       
2000f8f9  PRCMPeripheralClkDisable              
2000f4a9  PRCMPeripheralClkEnable               
2000d95d  PRCMPeripheralClockGet                
2000eac5  PRCMPeripheralReset                   
2000f675  PRCMPeripheralStatusGet               
2000f7f5  PRCMSysResetCauseGet                  
2000de5d  PinConfigSet                          
2000f271  PinModeSet                            
2000b4ed  PinMuxConfig                          
2000f6dd  PinTypeGPIO                           
2000fcc1  PinTypeI2C                            
2000fdbb  PinTypeSPI                            
2000fdd5  PinTypeUART                           
2000446b  ReadAccel                             
20009da5  Report                                
200100fb  ResetISR                              
2001f3c8  RxIrqCnt                              
2000fea1  SPICSDisable                          
2000feb9  SPICSEnable                           
2000d355  SPIConfigSetExpClk                    
2000fb8d  SPIDataGet                            
2000fc49  SPIDataPut                            
2000fed1  SPIDisable                            
2000fdef  SPIDmaDisable                         
2000fe09  SPIDmaEnable                          
2000fee9  SPIEnable                             
2000fe23  SPIFIFODisable                        
2000fe3d  SPIFIFOEnable                         
2000f6a9  SPIFIFOLevelSet                       
2000ef79  SPIIntClear                           
2000ed69  SPIIntEnable                          
2000fe57  SPIIntUnregister                      
2000fae7  SPIReset                              
2000fb09  SPIWordCountSet                       
200062f9  SimpleLinkGeneralEventHandler         
200062d9  SimpleLinkHttpServerCallback          
2000622b  SimpleLinkNetAppEventHandler          
2000631d  SimpleLinkSockEventHandler            
2000611d  SimpleLinkWlanEventHandler            
2000f095  TimerConfigure                        
2000fc67  TimerEnable                           
2000fbad  TimerGetCurrentTimestamp              
2000f8a5  TimerLoadSet                          
2000f8cf  TimerPrescaleSet                      
2000fcdd  TimerValueGet                         
20009d0d  TrimSpace                             
2000fcf9  UARTCharGetNonBlocking                
2000fc85  UARTCharPut                           
2000ff01  UARTCharsAvail                        
2000e3f1  UARTConfigSetExpClk                   
2000f70d  UARTDisable                           
2000fa7d  UARTEnable                            
2000ffd1  UARTFIFOEnable                        
20010151  UtilsDelay                            
20010ae4  _SlActionLookupTable                  
2000d2b1  _SlDriverHandleError                  
2000efc1  _SlDrvBasicCmd                        
2000cf3d  _SlDrvCmdOp                           
2000e5bd  _SlDrvCmdSend                         
2000a311  _SlDrvDataReadOp                      
2000b39d  _SlDrvDataWriteOp                     
2000d531  _SlDrvDeviceEventHandler              
200100c1  _SlDrvDispatchHttpServerEvents        
2000bdad  _SlDrvDriverCBDeinit                  
2000aa49  _SlDrvDriverCBInit                    
2000f921  _SlDrvGlobalObjUnLock                 
2000f0d9  _SlDrvHandleHttpServerEvents          
2000f2b1  _SlDrvHandleNetAppEvents              
2000f2f1  _SlDrvHandleWlanEvents                
2000dcb9  _SlDrvIsTimeoutExpired                
2000ffe7  _SlDrvMemZero                         
2000c7a1  _SlDrvMsgReadSpawnCtx                 
2000bffd  _SlDrvNetAppEventHandler              
2000f9e9  _SlDrvObjLockWaitForever              
2000fbcd  _SlDrvObjUnLock                       
2000ee01  _SlDrvProtectAsyncRespSetting         
2000f84d  _SlDrvProtectionObjLockWaitForever    
2000f949  _SlDrvProtectionObjUnLock             
2000a4f5  _SlDrvReleasePoolObj                  
200100df  _SlDrvResetCmdExt                     
2000ebc9  _SlDrvRxIrqHandler                    
2000fd15  _SlDrvStartMeasureTimeout             
2000fbed  _SlDrvSyncObjSignal                   
2000f971  _SlDrvSyncObjWaitForever              
2000f11d  _SlDrvSyncObjWaitTimeout              
2000ad99  _SlDrvWaitForPoolObj                  
20010cac  _SlNetAppSendTokenValueCmdCtrl        
2000e469  _SlNonOsMainLoopTask                  
2000d0b1  _SlNonOsSemGet                        
2000ff19  _SlNonOsSemSet                        
2000e6fd  _SlNonOsSpawn                         
20030000  __STACK_END                           
00001000  __STACK_SIZE                          
00008000  __SYSMEM_SIZE                         
20010d58  __TI_CINIT_Base                       
20010d68  __TI_CINIT_Limit                      
20010d40  __TI_Handler_Table_Base               
20010d4c  __TI_Handler_Table_Limit              
2000f161  __TI_auto_init_nobinit_nopinit        
2000e695  __TI_decompress_lzss                  
200100ed  __TI_decompress_none                  
2000ec1d  __TI_ltoa                             
ffffffff  __TI_pprof_out_hndl                   
20007a75  __TI_printfi                          
ffffffff  __TI_prof_data_size                   
ffffffff  __TI_prof_data_start                  
20010cf0  __TI_static_base__                    
2000fd31  __TI_zero_init_nomemset               
2000dee5  __aeabi_cdcmpeq                       
2000dee5  __aeabi_cdcmple                       
2000df6b  __aeabi_cdrcmple                      
2000f009  __aeabi_d2iz                          
2000f1e9  __aeabi_d2uiz                         
2000a89b  __aeabi_dadd                          
2000bb41  __aeabi_ddiv                          
2000c201  __aeabi_dmul                          
2000a891  __aeabi_dsub                          
20010141  __aeabi_errno_addr                    
2000f76d  __aeabi_i2d                           
2000bc77  __aeabi_idiv0                         
2000bc77  __aeabi_ldiv0                         
2000e2fd  __aeabi_memclr                        
2000e2fd  __aeabi_memclr4                       
2000e2fd  __aeabi_memclr8                       
2000d495  __aeabi_memcpy                        
2000d495  __aeabi_memcpy4                       
2000d495  __aeabi_memcpy8                       
2000e2ff  __aeabi_memset                        
2000e2ff  __aeabi_memset4                       
2000e2ff  __aeabi_memset8                       
2000d8c5  __aeabi_uldivmod                      
ffffffff  __binit__                             
ffffffff  __c_args__                            
UNDEFED   __mpu_init                            
2002f000  __stack                               
20017000  __start___llvm_prf_cnts               
20017000  __stop___llvm_prf_cnts                
2000faa1  _c_int00_noargs                       
20010663  _ctypes_                              
2001f4c4  _lock                                 
2000aa47  _nop                                  
2000e761  _sl_HandleAsync_Accept                
2000e17d  _sl_HandleAsync_Connect               
2000d9f1  _sl_HandleAsync_DnsGetHostByName      
2000cce1  _sl_HandleAsync_DnsGetHostByService   
2000dd45  _sl_HandleAsync_InitComplete          
2000da81  _sl_HandleAsync_PingResponse          
2000ec71  _sl_HandleAsync_Select                
2000ed19  _sl_HandleAsync_Stop                  
2000e629  _sl_NetAppSendTokenValue              
20017000  _sys_memory                           
UNDEFED   _system_post_cinit                    
2001015d  _system_pre_init                      
2001f4c8  _unlock                               
20010161  abort                                 
2000c101  aligned_alloc                         
20010157  atof                                  
2000ee99  atoi                                  
ffffffff  binit                                 
20006ccd  connectToAccessPoint                  
20010121  copysign                              
20010121  copysignl                             
2001f438  cursor_x                              
2001f43c  cursor_y                              
20007853  drawChar                              
20006ff5  drawCircle                            
20007129  drawCircleHelper                      
20008af1  drawFastHLine                         
20008a55  drawFastVLine                         
2000736f  drawLine                              
20008b8d  drawPixel                             
2000745b  drawRect                              
200074a9  drawRoundRect                         
20007611  drawTriangle                          
2001f4d4  errno                                 
20007247  fillCircle                            
20007281  fillCircleHelper                      
20008e0b  fillRect                              
20007597  fillRoundRect                         
20008df5  fillScreen                            
20007653  fillTriangle                          
2000c889  free                                  
2000ea11  frexp                                 
2000ea11  frexpl                                
2001f3c0  g_Host                                
2001f49c  g_SlDeviceStatus                      
2001f4b8  g_SpiFd                               
2001f3d0  g__SlNonOsCB                          
2001f3b4  g_app_config                          
2001f3c9  g_bDeviceRestartIsRequired            
2001f3ca  g_cDummy                              
2001f4a0  g_pCB                                 
2001f4bc  g_pHostIntHdl                         
20004000  g_pfnVectors                          
2001f3c4  g_port                                
2001f338  g_time                                
2001f3a8  g_ucConnectionBSSID                   
2001f364  g_ucConnectionSSID                    
2001f4c0  g_ucDMAEnabled                        
2001f2e8  g_ucDinDout                           
2001f3cb  g_ucLED1Pin                           
2001f3cc  g_ucLED2Pin                           
2001f3cd  g_ucLED3Pin                           
2001f4ac  g_uiLED1Port                          
2001f4b0  g_uiLED2Port                          
2001f4b4  g_uiLED3Port                          
2001f498  g_ulDeviceIP                          
2001f494  g_ulGatewayIP                         
2001f490  g_ulPingPacketsRecv                   
2001f48c  g_ulStatus                            
20008d6f  goTo                                  
20007a53  height                                
2000cc11  ldexp                                 
2000cc11  ldexpl                                
20005e89  main                                  
20010149  malloc                                
2000c101  memalign                              
2000fd69  memccpy                               
2000d495  memcpy                                
2000f9c1  memmove                               
2000e305  memset                                
2001f4a4  pPingCallBackFunc                     
2000c96d  realloc                               
2000cc11  scalbn                                
2000cc11  scalbnl                               
200079eb  setCursor                             
20007a23  setTextColor                          
20007a03  setTextSize                           
20007a3b  setTextWrap                           
2000f4e5  simplelink_timerA2_start              
2000e8f1  sl_Close                              
2000af29  sl_Connect                            
2000cdad  sl_DevGet                             
2000d5cd  sl_DevSet                             
2000f22d  sl_Htonl                              
2000f521  sl_Htons                              
2000b8c1  sl_NetAppDnsGetHostByName             
2000ca51  sl_NetAppMDNSRegisterUnregisterService
2000e7c5  sl_NetAppMDNSUnRegisterService        
2000d665  sl_NetCfgSet                          
2000fa0f  sl_Provisioning_HttpServerEventHdl    
2000fa1d  sl_Provisioning_NetAppEventHdl        
2000fa29  sl_Provisioning_WlanEventHdl          
2000d3f5  sl_Recv                               
2000bc79  sl_Send                               
2000d6fd  sl_SetSockOpt                         
2000ddd1  sl_Socket                             
2000c5cd  sl_Start                              
2000c2fd  sl_Stop                               
20009965  sl_WlanConnect                        
2000f5d1  sl_WlanDisconnect                     
2000db11  sl_WlanPolicySet                      
2000e951  sl_WlanProfileDel                     
2000e075  sl_WlanRxFilterSet                    
2000d795  sl_WlanSet                            
2000e9b1  sl_WlanSetMode                        
2000e379  spi_Close                             
2000b635  spi_Open                              
2000c3ed  spi_Read                              
2000d82d  spi_Write                             
2000f371  sprintf                               
2000fffd  strchr                                
20010051  strcpy                                
20010065  strlen                                
2000f879  strncmp                               
2000f63f  strncpy                               
20008ec5  strtod                                
20008ec5  strtold                               
2001f448  textbgcolor                           
2001f444  textcolor                             
2001f440  textsize                              
20006aed  tls_connect                           
2000eee5  uDMAChannelAssign                     
2000e829  uDMAChannelAttributeDisable           
2000e88d  uDMAChannelAttributeEnable            
2000f55d  uDMAChannelControlSet                 
2000fd85  uDMAChannelEnable                     
2000c4dd  uDMAChannelTransferSet                
2000f3b1  vsnprintf                             
200100af  wcslen                                
20007a4f  width                                 
2001f44c  wrap                                  
20008bcb  writeCommand                          
20008c09  writeData                             


GLOBAL SYMBOLS: SORTED BY Symbol Address 

address   name                                  
-------   ----                                  
00001000  __STACK_SIZE                          
00008000  __SYSMEM_SIZE                         
20004000  g_pfnVectors                          
2000446b  ReadAccel                             
20005e89  main                                  
2000611d  SimpleLinkWlanEventHandler            
2000622b  SimpleLinkNetAppEventHandler          
200062d9  SimpleLinkHttpServerCallback          
200062f9  SimpleLinkGeneralEventHandler         
2000631d  SimpleLinkSockEventHandler            
20006aed  tls_connect                           
20006ccd  connectToAccessPoint                  
20006ff5  drawCircle                            
20007129  drawCircleHelper                      
20007247  fillCircle                            
20007281  fillCircleHelper                      
2000736f  drawLine                              
2000745b  drawRect                              
200074a9  drawRoundRect                         
20007597  fillRoundRect                         
20007611  drawTriangle                          
20007653  fillTriangle                          
20007853  drawChar                              
2000799f  Outstr                                
200079eb  setCursor                             
20007a03  setTextSize                           
20007a23  setTextColor                          
20007a3b  setTextWrap                           
20007a4f  width                                 
20007a53  height                                
20007a75  __TI_printfi                          
20008a55  drawFastVLine                         
20008af1  drawFastHLine                         
20008b8d  drawPixel                             
20008bcb  writeCommand                          
20008c09  writeData                             
20008c47  Adafruit_Init                         
20008d6f  goTo                                  
20008db3  Color565                              
20008df5  fillScreen                            
20008e0b  fillRect                              
20008ec5  strtod                                
20008ec5  strtold                               
20009355  GPIO_IF_LedConfigure                  
20009393  GPIO_IF_LedOn                         
20009447  GPIO_IF_LedOff                        
200094fb  GPIO_IF_LedStatus                     
20009565  GPIO_IF_LedToggle                     
20009593  GPIO_IF_GetPortNPin                   
200095d9  GPIO_IF_ConfigureNIntEnable           
20009621  GPIO_IF_Set                           
20009665  GPIO_IF_Get                           
20009737  I2C_IF_Write                          
200097e7  I2C_IF_Read                           
200098a3  I2C_IF_ReadFrom                       
200098e9  I2C_IF_Open                           
2000994f  I2C_IF_Close                          
20009965  sl_WlanConnect                        
20009be5  InitTerm                              
20009c03  Message                               
20009c25  ClearTerm                             
20009c2f  Error                                 
20009c67  GetCmd                                
20009d0d  TrimSpace                             
20009da5  Report                                
2000a311  _SlDrvDataReadOp                      
2000a4f5  _SlDrvReleasePoolObj                  
2000a891  __aeabi_dsub                          
2000a89b  __aeabi_dadd                          
2000aa47  _nop                                  
2000aa49  _SlDrvDriverCBInit                    
2000ad99  _SlDrvWaitForPoolObj                  
2000af29  sl_Connect                            
2000b0b5  PRCMCC3200MCUInit                     
2000b39d  _SlDrvDataWriteOp                     
2000b4ed  PinMuxConfig                          
2000b635  spi_Open                              
2000b8c1  sl_NetAppDnsGetHostByName             
2000bb41  __aeabi_ddiv                          
2000bc77  __aeabi_idiv0                         
2000bc77  __aeabi_ldiv0                         
2000bc79  sl_Send                               
2000bdad  _SlDrvDriverCBDeinit                  
2000bffd  _SlDrvNetAppEventHandler              
2000c101  aligned_alloc                         
2000c101  memalign                              
2000c201  __aeabi_dmul                          
2000c2fd  sl_Stop                               
2000c3ed  spi_Read                              
2000c4dd  uDMAChannelTransferSet                
2000c5cd  sl_Start                              
2000c7a1  _SlDrvMsgReadSpawnCtx                 
2000c889  free                                  
2000c96d  realloc                               
2000ca51  sl_NetAppMDNSRegisterUnregisterService
2000cc11  ldexp                                 
2000cc11  ldexpl                                
2000cc11  scalbn                                
2000cc11  scalbnl                               
2000cce1  _sl_HandleAsync_DnsGetHostByService   
2000cdad  sl_DevGet                             
2000cf3d  _SlDrvCmdOp                           
2000d0b1  _SlNonOsSemGet                        
2000d161  IntDisable                            
2000d209  IntEnable                             
2000d2b1  _SlDriverHandleError                  
2000d355  SPIConfigSetExpClk                    
2000d3f5  sl_Recv                               
2000d495  __aeabi_memcpy                        
2000d495  __aeabi_memcpy4                       
2000d495  __aeabi_memcpy8                       
2000d495  memcpy                                
2000d531  _SlDrvDeviceEventHandler              
2000d5cd  sl_DevSet                             
2000d665  sl_NetCfgSet                          
2000d6fd  sl_SetSockOpt                         
2000d795  sl_WlanSet                            
2000d82d  spi_Write                             
2000d8c5  __aeabi_uldivmod                      
2000d95d  PRCMPeripheralClockGet                
2000d9f1  _sl_HandleAsync_DnsGetHostByName      
2000da81  _sl_HandleAsync_PingResponse          
2000db11  sl_WlanPolicySet                      
2000dcb9  _SlDrvIsTimeoutExpired                
2000dd45  _sl_HandleAsync_InitComplete          
2000ddd1  sl_Socket                             
2000de5d  PinConfigSet                          
2000dee5  __aeabi_cdcmpeq                       
2000dee5  __aeabi_cdcmple                       
2000df6b  __aeabi_cdrcmple                      
2000dff1  I2CMasterInitExpClk                   
2000e075  sl_WlanRxFilterSet                    
2000e0f9  GPIOIntTypeSet                        
2000e17d  _sl_HandleAsync_Connect               
2000e2fd  __aeabi_memclr                        
2000e2fd  __aeabi_memclr4                       
2000e2fd  __aeabi_memclr8                       
2000e2ff  __aeabi_memset                        
2000e2ff  __aeabi_memset4                       
2000e2ff  __aeabi_memset8                       
2000e305  memset                                
2000e379  spi_Close                             
2000e3f1  UARTConfigSetExpClk                   
2000e469  _SlNonOsMainLoopTask                  
2000e5bd  _SlDrvCmdSend                         
2000e629  _sl_NetAppSendTokenValue              
2000e695  __TI_decompress_lzss                  
2000e6fd  _SlNonOsSpawn                         
2000e761  _sl_HandleAsync_Accept                
2000e7c5  sl_NetAppMDNSUnRegisterService        
2000e829  uDMAChannelAttributeDisable           
2000e88d  uDMAChannelAttributeEnable            
2000e8f1  sl_Close                              
2000e951  sl_WlanProfileDel                     
2000e9b1  sl_WlanSetMode                        
2000ea11  frexp                                 
2000ea11  frexpl                                
2000ea6d  IntPendClear                          
2000eac5  PRCMPeripheralReset                   
2000eb75  IntPrioritySet                        
2000ebc9  _SlDrvRxIrqHandler                    
2000ec1d  __TI_ltoa                             
2000ec71  _sl_HandleAsync_Select                
2000ed19  _sl_HandleAsync_Stop                  
2000ed69  SPIIntEnable                          
2000ee01  _SlDrvProtectAsyncRespSetting         
2000ee99  atoi                                  
2000eee5  uDMAChannelAssign                     
2000ef79  SPIIntClear                           
2000efc1  _SlDrvBasicCmd                        
2000f009  __aeabi_d2iz                          
2000f095  TimerConfigure                        
2000f0d9  _SlDrvHandleHttpServerEvents          
2000f11d  _SlDrvSyncObjWaitTimeout              
2000f161  __TI_auto_init_nobinit_nopinit        
2000f1e9  __aeabi_d2uiz                         
2000f22d  sl_Htonl                              
2000f271  PinModeSet                            
2000f2b1  _SlDrvHandleNetAppEvents              
2000f2f1  _SlDrvHandleWlanEvents                
2000f371  sprintf                               
2000f3b1  vsnprintf                             
2000f3f1  NwpRegisterInterruptHandler           
2000f4a9  PRCMPeripheralClkEnable               
2000f4e5  simplelink_timerA2_start              
2000f521  sl_Htons                              
2000f55d  uDMAChannelControlSet                 
2000f599  NwpPowerOff                           
2000f5d1  sl_WlanDisconnect                     
2000f609  GPIODirModeSet                        
2000f63f  strncpy                               
2000f675  PRCMPeripheralStatusGet               
2000f6a9  SPIFIFOLevelSet                       
2000f6dd  PinTypeGPIO                           
2000f70d  UARTDisable                           
2000f76d  __aeabi_i2d                           
2000f79b  I2CMasterErr                          
2000f7c9  NwpPowerOn                            
2000f7f5  PRCMSysResetCauseGet                  
2000f84d  _SlDrvProtectionObjLockWaitForever    
2000f879  strncmp                               
2000f8a5  TimerLoadSet                          
2000f8cf  TimerPrescaleSet                      
2000f8f9  PRCMPeripheralClkDisable              
2000f921  _SlDrvGlobalObjUnLock                 
2000f949  _SlDrvProtectionObjUnLock             
2000f971  _SlDrvSyncObjWaitForever              
2000f9c1  memmove                               
2000f9e9  _SlDrvObjLockWaitForever              
2000fa0f  sl_Provisioning_HttpServerEventHdl    
2000fa1d  sl_Provisioning_NetAppEventHdl        
2000fa29  sl_Provisioning_WlanEventHdl          
2000fa35  DmaSpiSwIntHandler                    
2000fa59  IntUnregister                         
2000fa7d  UARTEnable                            
2000faa1  _c_int00_noargs                       
2000fac5  I2CMasterSlaveAddrSet                 
2000fae7  SPIReset                              
2000fb09  SPIWordCountSet                       
2000fb2b  GPIOPinWrite                          
2000fb4d  IntRegister                           
2000fb6d  NwpPrePowerOffTimout0                 
2000fb8d  SPIDataGet                            
2000fbad  TimerGetCurrentTimestamp              
2000fbcd  _SlDrvObjUnLock                       
2000fbed  _SlDrvSyncObjSignal                   
2000fc0d  GPIOIntRegister                       
2000fc2b  I2CMasterIntStatusEx                  
2000fc49  SPIDataPut                            
2000fc67  TimerEnable                           
2000fc85  UARTCharPut                           
2000fcc1  PinTypeI2C                            
2000fcdd  TimerValueGet                         
2000fcf9  UARTCharGetNonBlocking                
2000fd15  _SlDrvStartMeasureTimeout             
2000fd31  __TI_zero_init_nomemset               
2000fd69  memccpy                               
2000fd85  uDMAChannelEnable                     
2000fda1  GPIOIntEnable                         
2000fdbb  PinTypeSPI                            
2000fdd5  PinTypeUART                           
2000fdef  SPIDmaDisable                         
2000fe09  SPIDmaEnable                          
2000fe23  SPIFIFODisable                        
2000fe3d  SPIFIFOEnable                         
2000fe57  SPIIntUnregister                      
2000fe71  GPIOPinRead                           
2000fe89  I2CMasterIntEnableEx                  
2000fea1  SPICSDisable                          
2000feb9  SPICSEnable                           
2000fed1  SPIDisable                            
2000fee9  SPIEnable                             
2000ff01  UARTCharsAvail                        
2000ff19  _SlNonOsSemSet                        
2000ff79  I2CMasterDataPut                      
2000ff8f  I2CMasterEnable                       
2000ffa5  PRCMHIBRegRead                        
2000ffbb  PRCMHIBRegWrite                       
2000ffd1  UARTFIFOEnable                        
2000ffe7  _SlDrvMemZero                         
2000fffd  strchr                                
20010013  CPUcpsie                              
20010027  GPIOIntClear                          
2001003d  IntVTableBaseSet                      
20010051  strcpy                                
20010065  strlen                                
20010079  I2CMasterControl                      
2001008b  I2CMasterIntClearEx                   
2001009d  I2CMasterTimeoutSet                   
200100af  wcslen                                
200100c1  _SlDrvDispatchHttpServerEvents        
200100d1  I2CMasterDataGet                      
200100df  _SlDrvResetCmdExt                     
200100ed  __TI_decompress_none                  
200100fb  ResetISR                              
20010109  NwpMaskInterrupt                      
20010115  NwpUnMaskInterrupt                    
20010121  copysign                              
20010121  copysignl                             
2001012d  IntMasterEnable                       
20010141  __aeabi_errno_addr                    
20010149  malloc                                
20010151  UtilsDelay                            
20010157  atof                                  
2001015d  _system_pre_init                      
20010161  C$$EXIT                               
20010161  abort                                 
20010663  _ctypes_                              
20010aa8  OpcodeTranslateTable                  
20010ae4  _SlActionLookupTable                  
20010cac  _SlNetAppSendTokenValueCmdCtrl        
20010cf0  __TI_static_base__                    
20010d40  __TI_Handler_Table_Base               
20010d4c  __TI_Handler_Table_Limit              
20010d58  __TI_CINIT_Base                       
20010d68  __TI_CINIT_Limit                      
20017000  __start___llvm_prf_cnts               
20017000  __stop___llvm_prf_cnts                
20017000  _sys_memory                           
2001f2e8  g_ucDinDout                           
2001f338  g_time                                
2001f364  g_ucConnectionSSID                    
2001f3a8  g_ucConnectionBSSID                   
2001f3b4  g_app_config                          
2001f3c0  g_Host                                
2001f3c4  g_port                                
2001f3c8  RxIrqCnt                              
2001f3c9  g_bDeviceRestartIsRequired            
2001f3ca  g_cDummy                              
2001f3cb  g_ucLED1Pin                           
2001f3cc  g_ucLED2Pin                           
2001f3cd  g_ucLED3Pin                           
2001f3d0  g__SlNonOsCB                          
2001f438  cursor_x                              
2001f43c  cursor_y                              
2001f440  textsize                              
2001f444  textcolor                             
2001f448  textbgcolor                           
2001f44c  wrap                                  
2001f48c  g_ulStatus                            
2001f490  g_ulPingPacketsRecv                   
2001f494  g_ulGatewayIP                         
2001f498  g_ulDeviceIP                          
2001f49c  g_SlDeviceStatus                      
2001f4a0  g_pCB                                 
2001f4a4  pPingCallBackFunc                     
2001f4ac  g_uiLED1Port                          
2001f4b0  g_uiLED2Port                          
2001f4b4  g_uiLED3Port                          
2001f4b8  g_SpiFd                               
2001f4bc  g_pHostIntHdl                         
2001f4c0  g_ucDMAEnabled                        
2001f4c4  _lock                                 
2001f4c8  _unlock                               
2001f4d4  errno                                 
2002f000  __stack                               
20030000  __STACK_END                           
ffffffff  __TI_pprof_out_hndl                   
ffffffff  __TI_prof_data_size                   
ffffffff  __TI_prof_data_start                  
ffffffff  __binit__                             
ffffffff  __c_args__                            
ffffffff  binit                                 
UNDEFED   __mpu_init                            
UNDEFED   _system_post_cinit                    

[345 symbols]
